   ▲ Next.js 15.5.25

   Creating an optimized production build ...
 ✓ Compiled successfully in 2.3s
   Linting and checking validity of types ...
   Collecting page data ...
   Generating static pages (0/8) ...
   Generating static pages (2/8) 
   Generating static pages (4/8) 
   Generating static pages (6/8) 
 ✓ Generating static pages (8/8)
   Finalizing page optimization ...
   Collecting build traces ...

Route (app)                                 Size  First Load JS
┌ ○ /                                    7.43 kB         139 kB
├ ○ /_not-found                            131 B         103 kB
├ ƒ /api/translate                         131 B         103 kB
├ ƒ /deck/[id]                           14.7 kB         146 kB
├ ○ /manifest.webmanifest                  131 B         103 kB
├ ○ /quiz                                3.21 kB         135 kB
├ ƒ /quiz/[id]                           6.13 kB         134 kB
├ ○ /study                               3.53 kB         135 kB
├ ƒ /study/[id]                            282 B         135 kB
└ ƒ /study/all                             161 B         134 kB
+ First Load JS shared by all             103 kB
  ├ chunks/255-37e0f0325134c4d7.js       46.4 kB
  ├ chunks/4bd1b696-c023c6e3521b1417.js  54.2 kB
  └ other shared chunks (total)             2 kB


○  (Static)   prerendered as static content
ƒ  (Dynamic)  server-rendered on demand

